hen	49	1	1	0	1	1	0	0.0003986502229870804	0.0	6	1	
hen	19	1	0	1	1	0	1	0.14032487849145228	0.0	4	1	
hen	3	1	1	0	1	1	0	0.0003986502229870804	0.0	6	1	
hen	96	3	0	3	3	0	3	0.42017733502838167	0.0	2	1	
hen	39	1	1	0	1	1	0	0.0003986502229870804	0.0	6	1	
hen	106	1	1	0	1	1	0	0.0003986502229870804	0.0	6	1	
hen	2	1	1	0	1	1	0	0.0003986502229870804	0.0	6	1	
hen	32	1	0	1	1	0	1	0.14032487849145228	0.0	4	1	
hen	112	1	1	0	1	1	0	0.0003986502229870804	0.0	6	1	
hen	91	6	0	6	7	0	7	0.8399560198337787	0.0	1	1	
hen	93	1	1	0	1	1	0	0.0003986502229870804	0.0	6	1	
hen	115	1	1	0	1	1	0	0.0003986502229870804	0.0	6	1	
hen	7	2	0	2	2	0	2	0.28025110675991666	0.0	3	1	
hen	120	1	1	0	1	1	0	0.0003986502229870804	0.0	6	1	
hen	70	1	1	0	1	1	0	0.0003986502229870804	0.0	6	1	
hen	89	1	1	0	2	2	0	0.0003986502229870804	0.0	6	1	
hen	67	1	1	0	1	1	0	0.0003986502229870804	0.0	6	1	
hen	14	1	1	0	1	1	0	0.0003986502229870804	0.0	6	1	
edw	89	1	1	0	1	1	0	1.498568587515545e-07	0.0	5	4	
edw	91	31	1	30	49	1	48	0.7071126255659201	0.029233870967741934	1	1	
edw	14	2	2	0	4	4	0	1.498568587515545e-07	0.0	5	4	
edw	7	4	1	3	5	2	3	0.7071009367309372	0.0010080645161290322	2	3	
edw	117	1	1	0	1	1	0	1.498568587515545e-07	0.0	5	4	
edw	86	1	1	0	1	1	0	1.498568587515545e-07	0.0	5	4	
edw	60	1	1	0	1	1	0	1.498568587515545e-07	0.0	5	4	
edw	111	1	1	0	1	1	0	1.498568587515545e-07	0.0	5	4	
edw	12	1	1	0	1	1	0	1.498568587515545e-07	0.0	5	4	
edw	114	2	2	0	4	4	0	1.498568587515545e-07	0.0	5	4	
edw	43	2	2	0	4	4	0	1.498568587515545e-07	0.0	5	4	
edw	63	2	1	1	2	1	1	2.8472803162795357e-06	0.0	4	4	
edw	105	1	1	0	1	1	0	1.498568587515545e-07	0.0	5	4	
edw	21	1	1	0	6	6	0	1.498568587515545e-07	0.0	5	4	
edw	46	1	1	0	1	1	0	1.498568587515545e-07	0.0	5	4	
edw	72	1	1	0	1	1	0	1.498568587515545e-07	0.0	5	4	
edw	67	1	1	0	3	3	0	1.498568587515545e-07	0.0	5	4	
edw	17	1	1	0	3	3	0	1.498568587515545e-07	0.0	5	4	
edw	65	1	1	0	1	1	0	1.498568587515545e-07	0.0	5	4	
edw	75	1	1	0	3	3	0	1.498568587515545e-07	0.0	5	4	
edw	26	1	1	0	1	1	0	1.498568587515545e-07	0.0	5	4	
edw	121	1	1	0	1	1	0	1.498568587515545e-07	0.0	5	4	
edw	59	1	1	0	1	1	0	1.498568587515545e-07	0.0	5	4	
edw	119	1	1	0	1	1	0	1.498568587515545e-07	0.0	5	4	
edw	84	1	1	0	1	1	0	1.498568587515545e-07	0.0	5	4	
edw	108	1	1	0	1	1	0	1.498568587515545e-07	0.0	5	4	
edw	55	1	1	0	1	1	0	1.498568587515545e-07	0.0	5	4	
edw	25	1	1	0	1	1	0	1.498568587515545e-07	0.0	5	4	
edw	118	1	1	0	1	1	0	1.498568587515545e-07	0.0	5	4	
edw	30	3	1	2	3	1	2	5.544703773807516e-06	0.0020161290322580645	3	2	
edw	50	1	1	0	1	1	0	1.498568587515545e-07	0.0	5	4	
edw	10	1	1	0	1	1	0	1.498568587515545e-07	0.0	5	4	
edw	24	1	1	0	1	1	0	1.498568587515545e-07	0.0	5	4	
mar	90	1	1	0	1	1	0	0.0004959329172076625	0.0	3	1	
mar	119	4	0	4	4	0	4	0.7999397954559602	0.0	1	1	
mar	75	1	1	0	1	1	0	0.0004959329172076625	0.0	3	1	
mar	30	3	0	3	3	0	3	0.6000788298212726	0.0	2	1	
mar	35	1	1	0	1	1	0	0.0004959329172076625	0.0	3	1	
mar	80	1	1	0	1	1	0	0.0004959329172076625	0.0	3	1	
mar	116	1	1	0	1	1	0	0.0004959329172076625	0.0	3	1	
mar	125	1	1	0	1	1	0	0.0004959329172076625	0.0	3	1	
mar	1	1	1	0	1	1	0	0.0004959329172076625	0.0	3	1	
eli	3	1	1	0	1	1	0	0.0004394311922492157	0.0	5	1	
eli	96	3	0	3	3	0	3	0.5000726967796081	0.0	2	1	
eli	39	1	1	0	1	1	0	0.0004394311922492157	0.0	5	1	
eli	106	1	1	0	1	1	0	0.0004394311922492157	0.0	5	1	
eli	2	1	1	0	1	1	0	0.0004394311922492157	0.0	5	1	
eli	32	1	0	1	1	0	1	0.1669838530547019	0.0	3	1	
eli	112	1	1	0	1	1	0	0.0004394311922492157	0.0	5	1	
eli	91	5	0	5	5	0	5	0.8331615405045137	0.0	1	1	
eli	93	1	1	0	1	1	0	0.0004394311922492157	0.0	5	1	
eli	115	1	1	0	1	1	0	0.0004394311922492157	0.0	5	1	
eli	7	1	0	1	1	0	1	0.1669838530547019	0.0	3	1	
eli	120	1	1	0	1	1	0	0.0004394311922492157	0.0	5	1	
eli	70	1	1	0	1	1	0	0.0004394311922492157	0.0	5	1	
eli	89	1	1	0	1	1	0	0.0004394311922492157	0.0	5	1	
all	49	1	1	0	1	1	0	5.6196325008569065e-08	0.0	9	5	
all	19	1	0	1	1	0	1	1.1239265001713818e-06	0.0	6	5	
all	3	1	1	0	1	1	0	5.6196325008569065e-08	0.0	9	5	
all	96	3	0	3	3	0	3	3.259386850497004e-06	0.0	5	5	
all	39	1	1	0	1	1	0	5.6196325008569065e-08	0.0	9	5	
all	106	1	1	0	1	1	0	5.6196325008569065e-08	0.0	9	5	
all	2	1	1	0	1	1	0	5.6196325008569065e-08	0.0	9	5	
all	32	1	0	1	1	0	1	1.1239265001713818e-06	0.0	6	5	
all	112	1	1	0	1	1	0	5.6196325008569065e-08	0.0	9	5	
all	91	35	1	34	55	1	54	0.7071126817539988	0.015294117647058823	1	1	
all	93	1	1	0	1	1	0	5.6196325008569065e-08	0.0	9	5	
all	115	1	1	0	1	1	0	5.6196325008569065e-08	0.0	9	5	
all	7	5	1	4	6	2	4	0.7071008805257477	0.000784313725490196	2	4	
all	120	1	1	0	1	1	0	5.6196325008569065e-08	0.0	9	5	
all	70	1	1	0	1	1	0	5.6196325008569065e-08	0.0	9	5	
all	89	1	1	0	2	2	0	5.6196325008569065e-08	0.0	9	5	
all	67	1	1	0	4	4	0	5.6196325008569065e-08	0.0	9	5	
all	14	2	2	0	4	4	0	5.6196325008569065e-08	0.0	9	5	
all	117	1	1	0	1	1	0	5.6196325008569065e-08	0.0	9	5	
all	86	1	1	0	1	1	0	5.6196325008569065e-08	0.0	9	5	
all	60	1	1	0	1	1	0	5.6196325008569065e-08	0.0	9	5	
all	111	1	1	0	1	1	0	5.6196325008569065e-08	0.0	9	5	
all	12	1	1	0	1	1	0	5.6196325008569065e-08	0.0	9	5	
all	114	2	2	0	4	4	0	5.6196325008569065e-08	0.0	9	5	
all	43	2	2	0	4	4	0	5.6196325008569065e-08	0.0	9	5	
all	63	2	1	1	2	1	1	1.1239265001713818e-06	0.0	6	5	
all	105	1	1	0	1	1	0	5.6196325008569065e-08	0.0	9	5	
all	21	1	1	0	6	6	0	5.6196325008569065e-08	0.0	9	5	
all	46	1	1	0	1	1	0	5.6196325008569065e-08	0.0	9	5	
all	72	1	1	0	1	1	0	5.6196325008569065e-08	0.0	9	5	
all	17	1	1	0	3	3	0	5.6196325008569065e-08	0.0	9	5	
all	65	1	1	0	1	1	0	5.6196325008569065e-08	0.0	9	5	
all	75	2	2	0	4	4	0	5.6196325008569065e-08	0.0	9	5	
all	26	1	1	0	1	1	0	5.6196325008569065e-08	0.0	9	5	
all	121	1	1	0	1	1	0	5.6196325008569065e-08	0.0	9	5	
all	59	1	1	0	1	1	0	5.6196325008569065e-08	0.0	9	5	
all	119	5	1	4	5	1	4	4.327117025659819e-06	0.003137254901960784	4	2	
all	84	1	1	0	1	1	0	5.6196325008569065e-08	0.0	9	5	
all	108	1	1	0	1	1	0	5.6196325008569065e-08	0.0	9	5	
all	55	1	1	0	1	1	0	5.6196325008569065e-08	0.0	9	5	
all	25	1	1	0	1	1	0	5.6196325008569065e-08	0.0	9	5	
all	118	1	1	0	1	1	0	5.6196325008569065e-08	0.0	9	5	
all	30	6	1	5	6	1	5	5.394847200822628e-06	0.002352941176470588	3	3	
all	50	1	1	0	1	1	0	5.6196325008569065e-08	0.0	9	5	
all	10	1	1	0	1	1	0	5.6196325008569065e-08	0.0	9	5	
all	24	1	1	0	1	1	0	5.6196325008569065e-08	0.0	9	5	
all	90	1	1	0	1	1	0	5.6196325008569065e-08	0.0	9	5	
all	35	1	1	0	1	1	0	5.6196325008569065e-08	0.0	9	5	
all	80	1	1	0	1	1	0	5.6196325008569065e-08	0.0	9	5	
all	116	1	1	0	1	1	0	5.6196325008569065e-08	0.0	9	5	
all	125	1	1	0	1	1	0	5.6196325008569065e-08	0.0	9	5	
all	1	1	1	0	1	1	0	5.6196325008569065e-08	0.0	9	5	
